// 重构日志: f16931ba
// 重构日志: bfce591a
// 重构日志: 4689ee22
// 同步 ID: 6184c5f7 @ Sat Jul 25 07:17:23 UTC 2026
// 重构日志: bbe321e6
// 重构日志: f0039e5a
// 同步 ID: 93d0cc8f @ Sun Jul 26 08:49:23 UTC 2026
// 重构日志: c6fc6b0e
// 重构日志: b2fb8464
// 同步 ID: 9f2e48af @ Sun Jul 26 14:48:22 UTC 2026
// 重构日志: f48d9698
// 重构日志: 2cc70713
// 重构日志: 5a64f52b
// 重构日志: 7138200b
// 重构日志: 8606a0b8
// 同步 ID: 2e4b1658 @ Wed Jul 29 11:34:51 UTC 2026
// 重构日志: 29940ce9
// 同步 ID: 2bff207c @ Thu Jul 30 12:20:36 UTC 2026
// 同步 ID: 2d8cafc6 @ Fri Jul 31 05:58:19 UTC 2026
// 重构日志: a82f4339
// 重构日志: d5c9a990
// 同步 ID: fe8960d7 @ Sat Aug  1 12:53:56 UTC 2026
// 同步 ID: 3d1ebc22 @ Sat Aug  1 14:51:52 UTC 2026
// 同步 ID: aca7f1fe @ Sun Aug  2 01:30:22 UTC 2026
// 同步 ID: cf9a4935 @ Sun Aug  2 12:33:19 UTC 2026
// 重构日志: 788313b2
// 同步 ID: 70dcb791 @ Sun Aug  2 17:22:15 UTC 2026
// 同步 ID: e7faf753 @ Mon Aug  3 02:11:00 UTC 2026
// 重构日志: 703f7a19
// 同步 ID: bcc7964c @ Tue Aug  4 05:34:26 UTC 2026
